administrator @ CORP   ⚡ replayable · ✓ 2 login(s)
──────────────────────────────────────────────────────────────────
Identity                                                                       Provenance
 Public : administrator                                                        Origin : import (secretsdump.txt)
Private : aad3b435b51404eeaad3b435b51404ee:8846f7eaee8fb117ad06bdd830b7586c
  Realm : CORP

Classification
Type : ntlm ⚡

Insights
  ⚡ replayable secret (pass-the-hash capable)
  ⚠ secret reused by 1 other credential(s): helpdesk
  ✓ used in 2 login(s)